// Jest Snapshot v1, https://goo.gl/fbAQLP

exports[`<Button/> should button snpshot teste 1`] = `
<button
  class="button"
>
  Load more
</button>
`;
